../Core/Src/main.c:65:7:isPressed	8	static
../Core/Src/main.c:67:7:isNotPressed	8	static
../Core/Src/main.c:69:7:isBufferEmpty	4	static
../Core/Src/main.c:71:7:isBufferFull	4	static
../Core/Src/main.c:73:6:turnOn	8	static
../Core/Src/main.c:77:6:turnOff	8	static
../Core/Src/main.c:81:6:addToBuffer	16	static
../Core/Src/main.c:89:6:getCharFromBuffer	16	static
../Core/Src/main.c:99:5:getMorseCode	24	static
../Core/Src/main.c:114:6:getCharByMorseCode	24	static
../Core/Src/main.c:134:19:uart6_start_recieve_char_it	8	static
../Core/Src/main.c:139:5:uart6_try_get_received_char	16	static
../Core/Src/main.c:148:19:uart6_transmit_it	16	static
../Core/Src/main.c:155:6:HAL_UART_RxCpltCallback	16	static
../Core/Src/main.c:161:6:HAL_UART_TxCpltCallback	16	static
../Core/Src/main.c:173:5:main	192	static
../Core/Src/main.c:485:6:SystemClock_Config	88	static
../Core/Src/main.c:527:13:MX_USART6_UART_Init	8	static
../Core/Src/main.c:560:13:MX_GPIO_Init	48	static
../Core/Src/main.c:596:6:Error_Handler	4	static,ignoring_inline_asm
